[2026-09-14 12:31:23.34195] [424798] [info] Database.init_db(). Connected to dbi:SQLite:dbname=/home/ron/perl.modules/CPAN-MetaCurator/data/cpan.metacurator.sqlite
[2026-09-14 12:31:23.34214] [424798] [debug] Entered Database.build_pad()
[2026-09-14 12:31:23.36130] [424798] [info] Excluding metapackager table 'packages'
[2026-09-14 12:31:23.36173] [424798] [debug] Leaving Database.build_pad()
[2026-09-14 12:31:23.36178] [424798] [info] Searching modules table
[2026-09-14 12:31:23.36180] [424798] [info] Reading: /home/ron/perl.modules/CPAN-MetaCurator/data/cpan.metacurator.sqlite
[2026-09-14 12:31:23.36182] [424798] [info] Reading: /tmp/2026-09-11.csv
[2026-09-14 12:31:23.36217] [424798] [info] Found:
[2026-09-14 12:31:23.36234] [424798] [info] "Getopt::Guided"
 "Koha::Contrib::Sudoc"
 "NetAddr::MAC"
 "Sim::OPT"
 "Lingua::Generic::Interface"
 "Travel::Status::DE::DBRIS"
 "WebDyne"
 "Cpanel::JSON::XS"
 "Alien::libmaxminddb"
 "Database::BI"
 "Developer::Dashboard"
 "Punk"
 "Data::HashMap"
 "SPVM::Sys"
 "OpenSearch::PPLQuery"
 "SPVM"
 "Text::ASCII::Convert"
 "AmberDB"
 "Business::ES::CodigoPostal"
 "Business::ISBN::Data"
 "Test::Pod::Links"
 "Speak"
 "App::perlimports"
 "SimpleFlow"
 "XS::Parse::Keyword"
 "Google::Ads::GoogleAds::Client"
 "BarefootJS::Backend::Xslate"
 "BarefootJS"
 "Cucumber::Test::Release::Automation"
 "Pod::Weaver"
 "MOP4Import::Declare"
 "Map::Tube::Plugin::Graph"
 "Fetch"
 "Hyperman"
 "YATT::Lite"
 "HTTP::Cookies::Chrome"
 "Term::ANSIEncode"
 "Media::AssetView"
 "JSON::Schema::Modern"
 "Test::JSON::Schema::Acceptance"
 "CallBackery"
 "Net::Nostr::Core"
 "Feersum"
 "Crypt::JWS::OpenSSL"
 "Net::FullAuto"
 "Prima"
 "App::Netdisco"
 "Data::Record::Serialize"
 "Params::SomeUtil"
 "Sidef"
 "Compression::Util"
 "Net::Nostr::Relay"
 "Net::Nostr::Client"
 "Net::Nostr"
 "DBI"

[2026-09-14 12:31:23.36239] [424798] [info] Not found:
[2026-09-14 12:31:23.36244] [424798] [info] "Shared::Arena"
 "PayProp::API::Public::Client"
 "Punk::SAML"
 "Luv::CLI"
 "Frozen"
 "OpenStack::MetaAPI"
 "Term::GnuScreen"
 "HTML"
 "Perl::Critic::Policy::PreferredBinaries"
 "Koha::QA"
 "Catalyst::Plugin::Profile::DBI::Log"
 "Confold"
 "Mail::SpamAssassin::4.0.3"
 "eBay::Client"
 "Mojolicious::Plugin::BarefootJS"
 "Games::GUI::Battleship"
 "podlators"

[2026-09-14 12:31:23.36247] [424798] [info] check() finished
